Last login: Fri Oct 29 23:59:04 on console
shivashanker@Shivas-MacBook-Air ~ % pwd
/Users/shivashanker
shivashanker@Shivas-MacBook-Air ~ % cd ..
shivashanker@Shivas-MacBook-Air /Users % pwd
/Users
shivashanker@Shivas-MacBook-Air /Users % ls -lrt
total 0
drwxrwxrwt   4 root          wheel  128 Oct 29 23:34 Shared
drwxr-xr-x+ 14 shivashanker  staff  448 Nov 10 00:46 shivashanker
shivashanker@Shivas-MacBook-Air /Users % cd shivashanker 
shivashanker@Shivas-MacBook-Air ~ % ls
Desktop		Downloads	Movies		Pictures
Documents	Library		Music		Public
shivashanker@Shivas-MacBook-Air ~ % cd Documents 
shivashanker@Shivas-MacBook-Air Documents % ls -lrt
total 8
drwxr-xr-x  5 shivashanker  staff   160 Nov  2 20:11 Resume
drwxr-xr-x  7 shivashanker  staff   224 Nov  6 19:38 Bills
drwxr-xr-x  3 shivashanker  staff    96 Nov  9 19:23 Interview
-rw-r--r--@ 1 shivashanker  staff  1269 Nov 10 00:43 installApps.rtf
shivashanker@Shivas-MacBook-Air Documents % mv installApps.rtf installApps.sh  
shivashanker@Shivas-MacBook-Air Documents % ls -lrt
total 8
drwxr-xr-x  5 shivashanker  staff   160 Nov  2 20:11 Resume
drwxr-xr-x  7 shivashanker  staff   224 Nov  6 19:38 Bills
drwxr-xr-x  3 shivashanker  staff    96 Nov  9 19:23 Interview
-rw-r--r--@ 1 shivashanker  staff  1269 Nov 10 00:43 installApps.sh
shivashanker@Shivas-MacBook-Air Documents % chmod +x installApps.sh 
shivashanker@Shivas-MacBook-Air Documents % ./installApps.sh 
./installApps.sh: line 1: {rtf1ansiansicpg1252cocoartf2580: command not found
./installApps.sh: line 2: syntax error near unexpected token `}'
./installApps.sh: line 2: `\cocoatextscaling0\cocoaplatform0{\fonttbl\f0\fnil\fcharset0 HelveticaNeue-Bold;\f1\fnil\fcharset0 HelveticaNeue;}'
shivashanker@Shivas-MacBook-Air Documents % vi installApps.sh 
shivashanker@Shivas-MacBook-Air Documents % dos2unix installApps.sh 
zsh: command not found: dos2unix
shivashanker@Shivas-MacBook-Air Documents % mv installApps.sh installApps_backup
shivashanker@Shivas-MacBook-Air Documents % ls -lrt
total 8
drwxr-xr-x  5 shivashanker  staff   160 Nov  2 20:11 Resume
drwxr-xr-x  7 shivashanker  staff   224 Nov  6 19:38 Bills
drwxr-xr-x  3 shivashanker  staff    96 Nov  9 19:23 Interview
-rwxr-xr-x@ 1 shivashanker  staff  1269 Nov 10 00:43 installApps_backup
shivashanker@Shivas-MacBook-Air Documents % vi installApps.sh     
shivashanker@Shivas-MacBook-Air Documents % cat installApps.sh 
#!/bin/sh

# Get developer tools    
xcode-select --install

# Get Homebrew
/bin/bash -c "$(curl -fsSL https://raw.githubusercontent.com/Homebrew/install/HEAD/install.sh)"

# Java
brew install --cask oracle-jdk

# Maven
brew install maven

# IDE
brew install --cask eclipse-jee

# Text editor
brew install --cask visual-studio-code

# Comparator
brew install --cask beyond-compare

# Source code repository
brew install git
brew install --cask sourcetree

# Collaboration
brew install --cask microsoft-teams zoom

# Alternate browser
brew install --cask google-chrome

# Video player
brew install --cask vlc
shivashanker@Shivas-MacBook-Air Documents % rm installApps_backup 
shivashanker@Shivas-MacBook-Air Documents % cat installApps.sh   
#!/bin/sh

# Get developer tools    
xcode-select --install

# Get Homebrew
/bin/bash -c "$(curl -fsSL https://raw.githubusercontent.com/Homebrew/install/HEAD/install.sh)"

# Java
brew install --cask oracle-jdk

# Maven
brew install maven

# IDE
brew install --cask eclipse-jee

# Text editor
brew install --cask visual-studio-code

# Comparator
brew install --cask beyond-compare

# Source code repository
brew install git
brew install --cask sourcetree

# Collaboration
brew install --cask microsoft-teams zoom

# Alternate browser
brew install --cask google-chrome

# Video player
brew install --cask vlc
shivashanker@Shivas-MacBook-Air Documents % chmod +x installApps.sh            
shivashanker@Shivas-MacBook-Air Documents % ./installApps.sh 
xcode-select: note: install requested for command line developer tools
==> Checking for `sudo` access (which may request your password).
Password:
==> This script will install:
/opt/homebrew/bin/brew
/opt/homebrew/share/doc/homebrew
/opt/homebrew/share/man/man1/brew.1
/opt/homebrew/share/zsh/site-functions/_brew
/opt/homebrew/etc/bash_completion.d/brew
/opt/homebrew
==> The following new directories will be created:
/opt/homebrew/bin
/opt/homebrew/etc
/opt/homebrew/include
/opt/homebrew/lib
/opt/homebrew/sbin
/opt/homebrew/share
/opt/homebrew/var
/opt/homebrew/opt
/opt/homebrew/share/zsh
/opt/homebrew/share/zsh/site-functions
/opt/homebrew/var/homebrew
/opt/homebrew/var/homebrew/linked
/opt/homebrew/Cellar
/opt/homebrew/Caskroom
/opt/homebrew/Frameworks
==> The Xcode Command Line Tools will be installed.

Press RETURN to continue or any other key to abort
==> /usr/bin/sudo /bin/mkdir -p /opt/homebrew
==> /usr/bin/sudo /usr/sbin/chown root:wheel /opt/homebrew
==> /usr/bin/sudo /bin/mkdir -p /opt/homebrew/bin /opt/homebrew/etc /opt/homebrew/include /opt/homebrew/lib /opt/homebrew/sbin /opt/homebrew/share /opt/homebrew/var /opt/homebrew/opt /opt/homebrew/share/zsh /opt/homebrew/share/zsh/site-functions /opt/homebrew/var/homebrew /opt/homebrew/var/homebrew/linked /opt/homebrew/Cellar /opt/homebrew/Caskroom /opt/homebrew/Frameworks
==> /usr/bin/sudo /bin/chmod u=rwx,g=rwx /opt/homebrew/bin /opt/homebrew/etc /opt/homebrew/include /opt/homebrew/lib /opt/homebrew/sbin /opt/homebrew/share /opt/homebrew/var /opt/homebrew/opt /opt/homebrew/share/zsh /opt/homebrew/share/zsh/site-functions /opt/homebrew/var/homebrew /opt/homebrew/var/homebrew/linked /opt/homebrew/Cellar /opt/homebrew/Caskroom /opt/homebrew/Frameworks
==> /usr/bin/sudo /bin/chmod g-w,o-w /opt/homebrew/share/zsh /opt/homebrew/share/zsh/site-functions
==> /usr/bin/sudo /usr/sbin/chown shivashanker /opt/homebrew/bin /opt/homebrew/etc /opt/homebrew/include /opt/homebrew/lib /opt/homebrew/sbin /opt/homebrew/share /opt/homebrew/var /opt/homebrew/opt /opt/homebrew/share/zsh /opt/homebrew/share/zsh/site-functions /opt/homebrew/var/homebrew /opt/homebrew/var/homebrew/linked /opt/homebrew/Cellar /opt/homebrew/Caskroom /opt/homebrew/Frameworks
==> /usr/bin/sudo /usr/bin/chgrp admin /opt/homebrew/bin /opt/homebrew/etc /opt/homebrew/include /opt/homebrew/lib /opt/homebrew/sbin /opt/homebrew/share /opt/homebrew/var /opt/homebrew/opt /opt/homebrew/share/zsh /opt/homebrew/share/zsh/site-functions /opt/homebrew/var/homebrew /opt/homebrew/var/homebrew/linked /opt/homebrew/Cellar /opt/homebrew/Caskroom /opt/homebrew/Frameworks
==> /usr/bin/sudo /usr/sbin/chown -R shivashanker:admin /opt/homebrew
==> /usr/bin/sudo /bin/mkdir -p /Users/shivashanker/Library/Caches/Homebrew
==> /usr/bin/sudo /bin/chmod g+rwx /Users/shivashanker/Library/Caches/Homebrew
==> /usr/bin/sudo /usr/sbin/chown -R shivashanker /Users/shivashanker/Library/Caches/Homebrew
==> Searching online for the Command Line Tools
==> /usr/bin/sudo /usr/bin/touch /tmp/.com.apple.dt.CommandLineTools.installondemand.in-progress
==> Installing Command Line Tools for Xcode-13.0
==> /usr/bin/sudo /usr/sbin/softwareupdate -i Command\ Line\ Tools\ for\ Xcode-13.0
Software Update Tool

Finding available software

Downloading Command Line Tools for Xcode
Downloaded Command Line Tools for Xcode
Installing Command Line Tools for Xcode
Done with Command Line Tools for Xcode
Done.
==> /usr/bin/sudo /bin/rm -f /tmp/.com.apple.dt.CommandLineTools.installondemand.in-progress
==> /usr/bin/sudo /usr/bin/xcode-select --switch /Library/Developer/CommandLineTools
==> Downloading and installing Homebrew...
remote: Enumerating objects: 196824, done.
remote: Counting objects: 100% (1812/1812), done.
remote: Compressing objects: 100% (963/963), done.
remote: Total 196824 (delta 936), reused 1590 (delta 773), pack-reused 195012
Receiving objects: 100% (196824/196824), 54.04 MiB | 10.69 MiB/s, done.
Resolving deltas: 100% (145300/145300), done.
From https://github.com/Homebrew/brew
 * [new branch]          dependabot/bundler/Library/Homebrew/sorbet-0.5.9309 -> origin/dependabot/bundler/Library/Homebrew/sorbet-0.5.9309
 * [new branch]          master                                              -> origin/master
 * [new tag]             0.1                                                 -> 0.1
 * [new tag]             0.2                                                 -> 0.2
 * [new tag]             0.3                                                 -> 0.3
 * [new tag]             0.4                                                 -> 0.4
 * [new tag]             0.5                                                 -> 0.5
 * [new tag]             0.6                                                 -> 0.6
 * [new tag]             0.7                                                 -> 0.7
 * [new tag]             0.7.1                                               -> 0.7.1
 * [new tag]             0.8                                                 -> 0.8
 * [new tag]             0.8.1                                               -> 0.8.1
 * [new tag]             0.9                                                 -> 0.9
 * [new tag]             0.9.1                                               -> 0.9.1
 * [new tag]             0.9.2                                               -> 0.9.2
 * [new tag]             0.9.3                                               -> 0.9.3
 * [new tag]             0.9.4                                               -> 0.9.4
 * [new tag]             0.9.5                                               -> 0.9.5
 * [new tag]             0.9.8                                               -> 0.9.8
 * [new tag]             0.9.9                                               -> 0.9.9
 * [new tag]             1.0.0                                               -> 1.0.0
 * [new tag]             1.0.1                                               -> 1.0.1
 * [new tag]             1.0.2                                               -> 1.0.2
 * [new tag]             1.0.3                                               -> 1.0.3
 * [new tag]             1.0.4                                               -> 1.0.4
 * [new tag]             1.0.5                                               -> 1.0.5
 * [new tag]             1.0.6                                               -> 1.0.6
 * [new tag]             1.0.7                                               -> 1.0.7
 * [new tag]             1.0.8                                               -> 1.0.8
 * [new tag]             1.0.9                                               -> 1.0.9
 * [new tag]             1.1.0                                               -> 1.1.0
 * [new tag]             1.1.1                                               -> 1.1.1
 * [new tag]             1.1.10                                              -> 1.1.10
 * [new tag]             1.1.11                                              -> 1.1.11
 * [new tag]             1.1.12                                              -> 1.1.12
 * [new tag]             1.1.13                                              -> 1.1.13
 * [new tag]             1.1.2                                               -> 1.1.2
 * [new tag]             1.1.3                                               -> 1.1.3
 * [new tag]             1.1.4                                               -> 1.1.4
 * [new tag]             1.1.5                                               -> 1.1.5
 * [new tag]             1.1.6                                               -> 1.1.6
 * [new tag]             1.1.7                                               -> 1.1.7
 * [new tag]             1.1.8                                               -> 1.1.8
 * [new tag]             1.1.9                                               -> 1.1.9
 * [new tag]             1.2.0                                               -> 1.2.0
 * [new tag]             1.2.1                                               -> 1.2.1
 * [new tag]             1.2.2                                               -> 1.2.2
 * [new tag]             1.2.3                                               -> 1.2.3
 * [new tag]             1.2.4                                               -> 1.2.4
 * [new tag]             1.2.5                                               -> 1.2.5
 * [new tag]             1.2.6                                               -> 1.2.6
 * [new tag]             1.3.0                                               -> 1.3.0
 * [new tag]             1.3.1                                               -> 1.3.1
 * [new tag]             1.3.2                                               -> 1.3.2
 * [new tag]             1.3.3                                               -> 1.3.3
 * [new tag]             1.3.4                                               -> 1.3.4
 * [new tag]             1.3.5                                               -> 1.3.5
 * [new tag]             1.3.6                                               -> 1.3.6
 * [new tag]             1.3.7                                               -> 1.3.7
 * [new tag]             1.3.8                                               -> 1.3.8
 * [new tag]             1.3.9                                               -> 1.3.9
 * [new tag]             1.4.0                                               -> 1.4.0
 * [new tag]             1.4.1                                               -> 1.4.1
 * [new tag]             1.4.2                                               -> 1.4.2
 * [new tag]             1.4.3                                               -> 1.4.3
 * [new tag]             1.5.0                                               -> 1.5.0
 * [new tag]             1.5.1                                               -> 1.5.1
 * [new tag]             1.5.10                                              -> 1.5.10
 * [new tag]             1.5.11                                              -> 1.5.11
 * [new tag]             1.5.12                                              -> 1.5.12
 * [new tag]             1.5.13                                              -> 1.5.13
 * [new tag]             1.5.14                                              -> 1.5.14
 * [new tag]             1.5.2                                               -> 1.5.2
 * [new tag]             1.5.3                                               -> 1.5.3
 * [new tag]             1.5.4                                               -> 1.5.4
 * [new tag]             1.5.5                                               -> 1.5.5
 * [new tag]             1.5.6                                               -> 1.5.6
 * [new tag]             1.5.7                                               -> 1.5.7
 * [new tag]             1.5.8                                               -> 1.5.8
 * [new tag]             1.5.9                                               -> 1.5.9
 * [new tag]             1.6.0                                               -> 1.6.0
 * [new tag]             1.6.1                                               -> 1.6.1
 * [new tag]             1.6.10                                              -> 1.6.10
 * [new tag]             1.6.11                                              -> 1.6.11
 * [new tag]             1.6.12                                              -> 1.6.12
 * [new tag]             1.6.13                                              -> 1.6.13
 * [new tag]             1.6.14                                              -> 1.6.14
 * [new tag]             1.6.15                                              -> 1.6.15
 * [new tag]             1.6.16                                              -> 1.6.16
 * [new tag]             1.6.17                                              -> 1.6.17
 * [new tag]             1.6.2                                               -> 1.6.2
 * [new tag]             1.6.3                                               -> 1.6.3
 * [new tag]             1.6.4                                               -> 1.6.4
 * [new tag]             1.6.5                                               -> 1.6.5
 * [new tag]             1.6.6                                               -> 1.6.6
 * [new tag]             1.6.7                                               -> 1.6.7
 * [new tag]             1.6.8                                               -> 1.6.8
 * [new tag]             1.6.9                                               -> 1.6.9
 * [new tag]             1.7.0                                               -> 1.7.0
 * [new tag]             1.7.1                                               -> 1.7.1
 * [new tag]             1.7.2                                               -> 1.7.2
 * [new tag]             1.7.3                                               -> 1.7.3
 * [new tag]             1.7.4                                               -> 1.7.4
 * [new tag]             1.7.5                                               -> 1.7.5
 * [new tag]             1.7.6                                               -> 1.7.6
 * [new tag]             1.7.7                                               -> 1.7.7
 * [new tag]             1.8.0                                               -> 1.8.0
 * [new tag]             1.8.1                                               -> 1.8.1
 * [new tag]             1.8.2                                               -> 1.8.2
 * [new tag]             1.8.3                                               -> 1.8.3
 * [new tag]             1.8.4                                               -> 1.8.4
 * [new tag]             1.8.5                                               -> 1.8.5
 * [new tag]             1.8.6                                               -> 1.8.6
 * [new tag]             1.9.0                                               -> 1.9.0
 * [new tag]             1.9.1                                               -> 1.9.1
 * [new tag]             1.9.2                                               -> 1.9.2
 * [new tag]             1.9.3                                               -> 1.9.3
 * [new tag]             2.0.0                                               -> 2.0.0
 * [new tag]             2.0.1                                               -> 2.0.1
 * [new tag]             2.0.2                                               -> 2.0.2
 * [new tag]             2.0.3                                               -> 2.0.3
 * [new tag]             2.0.4                                               -> 2.0.4
 * [new tag]             2.0.5                                               -> 2.0.5
 * [new tag]             2.0.6                                               -> 2.0.6
 * [new tag]             2.1.0                                               -> 2.1.0
 * [new tag]             2.1.1                                               -> 2.1.1
 * [new tag]             2.1.10                                              -> 2.1.10
 * [new tag]             2.1.11                                              -> 2.1.11
 * [new tag]             2.1.12                                              -> 2.1.12
 * [new tag]             2.1.13                                              -> 2.1.13
 * [new tag]             2.1.14                                              -> 2.1.14
 * [new tag]             2.1.15                                              -> 2.1.15
 * [new tag]             2.1.16                                              -> 2.1.16
 * [new tag]             2.1.2                                               -> 2.1.2
 * [new tag]             2.1.3                                               -> 2.1.3
 * [new tag]             2.1.4                                               -> 2.1.4
 * [new tag]             2.1.5                                               -> 2.1.5
 * [new tag]             2.1.6                                               -> 2.1.6
 * [new tag]             2.1.7                                               -> 2.1.7
 * [new tag]             2.1.8                                               -> 2.1.8
 * [new tag]             2.1.9                                               -> 2.1.9
 * [new tag]             2.2.0                                               -> 2.2.0
 * [new tag]             2.2.1                                               -> 2.2.1
 * [new tag]             2.2.10                                              -> 2.2.10
 * [new tag]             2.2.11                                              -> 2.2.11
 * [new tag]             2.2.12                                              -> 2.2.12
 * [new tag]             2.2.13                                              -> 2.2.13
 * [new tag]             2.2.14                                              -> 2.2.14
 * [new tag]             2.2.15                                              -> 2.2.15
 * [new tag]             2.2.16                                              -> 2.2.16
 * [new tag]             2.2.17                                              -> 2.2.17
 * [new tag]             2.2.2                                               -> 2.2.2
 * [new tag]             2.2.3                                               -> 2.2.3
 * [new tag]             2.2.4                                               -> 2.2.4
 * [new tag]             2.2.5                                               -> 2.2.5
 * [new tag]             2.2.6                                               -> 2.2.6
 * [new tag]             2.2.7                                               -> 2.2.7
 * [new tag]             2.2.8                                               -> 2.2.8
 * [new tag]             2.2.9                                               -> 2.2.9
 * [new tag]             2.3.0                                               -> 2.3.0
 * [new tag]             2.4.0                                               -> 2.4.0
 * [new tag]             2.4.1                                               -> 2.4.1
 * [new tag]             2.4.10                                              -> 2.4.10
 * [new tag]             2.4.11                                              -> 2.4.11
 * [new tag]             2.4.12                                              -> 2.4.12
 * [new tag]             2.4.13                                              -> 2.4.13
 * [new tag]             2.4.14                                              -> 2.4.14
 * [new tag]             2.4.15                                              -> 2.4.15
 * [new tag]             2.4.16                                              -> 2.4.16
 * [new tag]             2.4.2                                               -> 2.4.2
 * [new tag]             2.4.3                                               -> 2.4.3
 * [new tag]             2.4.4                                               -> 2.4.4
 * [new tag]             2.4.5                                               -> 2.4.5
 * [new tag]             2.4.6                                               -> 2.4.6
 * [new tag]             2.4.7                                               -> 2.4.7
 * [new tag]             2.4.8                                               -> 2.4.8
 * [new tag]             2.4.9                                               -> 2.4.9
 * [new tag]             2.5.0                                               -> 2.5.0
 * [new tag]             2.5.1                                               -> 2.5.1
 * [new tag]             2.5.10                                              -> 2.5.10
 * [new tag]             2.5.11                                              -> 2.5.11
 * [new tag]             2.5.12                                              -> 2.5.12
 * [new tag]             2.5.2                                               -> 2.5.2
 * [new tag]             2.5.3                                               -> 2.5.3
 * [new tag]             2.5.4                                               -> 2.5.4
 * [new tag]             2.5.5                                               -> 2.5.5
 * [new tag]             2.5.6                                               -> 2.5.6
 * [new tag]             2.5.7                                               -> 2.5.7
 * [new tag]             2.5.8                                               -> 2.5.8
 * [new tag]             2.5.9                                               -> 2.5.9
 * [new tag]             2.6.0                                               -> 2.6.0
 * [new tag]             2.6.1                                               -> 2.6.1
 * [new tag]             2.6.2                                               -> 2.6.2
 * [new tag]             2.7.0                                               -> 2.7.0
 * [new tag]             2.7.1                                               -> 2.7.1
 * [new tag]             2.7.2                                               -> 2.7.2
 * [new tag]             2.7.3                                               -> 2.7.3
 * [new tag]             2.7.4                                               -> 2.7.4
 * [new tag]             2.7.5                                               -> 2.7.5
 * [new tag]             2.7.6                                               -> 2.7.6
 * [new tag]             2.7.7                                               -> 2.7.7
 * [new tag]             3.0.0                                               -> 3.0.0
 * [new tag]             3.0.1                                               -> 3.0.1
 * [new tag]             3.0.10                                              -> 3.0.10
 * [new tag]             3.0.11                                              -> 3.0.11
 * [new tag]             3.0.2                                               -> 3.0.2
 * [new tag]             3.0.3                                               -> 3.0.3
 * [new tag]             3.0.4                                               -> 3.0.4
 * [new tag]             3.0.5                                               -> 3.0.5
 * [new tag]             3.0.6                                               -> 3.0.6
 * [new tag]             3.0.7                                               -> 3.0.7
 * [new tag]             3.0.8                                               -> 3.0.8
 * [new tag]             3.0.9                                               -> 3.0.9
 * [new tag]             3.1.0                                               -> 3.1.0
 * [new tag]             3.1.1                                               -> 3.1.1
 * [new tag]             3.1.10                                              -> 3.1.10
 * [new tag]             3.1.11                                              -> 3.1.11
 * [new tag]             3.1.12                                              -> 3.1.12
 * [new tag]             3.1.2                                               -> 3.1.2
 * [new tag]             3.1.3                                               -> 3.1.3
 * [new tag]             3.1.4                                               -> 3.1.4
 * [new tag]             3.1.5                                               -> 3.1.5
 * [new tag]             3.1.6                                               -> 3.1.6
 * [new tag]             3.1.7                                               -> 3.1.7
 * [new tag]             3.1.8                                               -> 3.1.8
 * [new tag]             3.1.9                                               -> 3.1.9
 * [new tag]             3.2.0                                               -> 3.2.0
 * [new tag]             3.2.1                                               -> 3.2.1
 * [new tag]             3.2.10                                              -> 3.2.10
 * [new tag]             3.2.11                                              -> 3.2.11
 * [new tag]             3.2.12                                              -> 3.2.12
 * [new tag]             3.2.13                                              -> 3.2.13
 * [new tag]             3.2.14                                              -> 3.2.14
 * [new tag]             3.2.15                                              -> 3.2.15
 * [new tag]             3.2.16                                              -> 3.2.16
 * [new tag]             3.2.17                                              -> 3.2.17
 * [new tag]             3.2.2                                               -> 3.2.2
 * [new tag]             3.2.3                                               -> 3.2.3
 * [new tag]             3.2.4                                               -> 3.2.4
 * [new tag]             3.2.5                                               -> 3.2.5
 * [new tag]             3.2.6                                               -> 3.2.6
 * [new tag]             3.2.7                                               -> 3.2.7
 * [new tag]             3.2.8                                               -> 3.2.8
 * [new tag]             3.2.9                                               -> 3.2.9
 * [new tag]             3.3.0                                               -> 3.3.0
 * [new tag]             3.3.1                                               -> 3.3.1
 * [new tag]             3.3.2                                               -> 3.3.2
 * [new tag]             3.3.3                                               -> 3.3.3
HEAD is now at 0e0593418 Merge pull request #12404 from FnControlOption/bump-cask-pr
==> Tapping homebrew/core
remote: Enumerating objects: 1091397, done.
remote: Counting objects: 100% (82/82), done.
remote: Compressing objects: 100% (53/53), done.
remote: Total 1091397 (delta 47), reused 62 (delta 29), pack-reused 1091315
Receiving objects: 100% (1091397/1091397), 415.36 MiB | 11.77 MiB/s, done.
Resolving deltas: 100% (751401/751401), done.
From https://github.com/Homebrew/homebrew-core
 * [new branch]              master     -> origin/master
HEAD is now at dcfd624855c pdm: update 1.10.1 bottle.
Warning: /opt/homebrew/bin is not in your PATH.
  Instructions on how to configure your shell for Homebrew
  can be found in the 'Next steps' section below.
==> Installation successful!

==> Homebrew has enabled anonymous aggregate formulae and cask analytics.
Read the analytics documentation (and how to opt-out) here:
  https://docs.brew.sh/Analytics
No analytics data has been sent yet (or will be during this `install` run).

==> Homebrew is run entirely by unpaid volunteers. Please consider donating:
  https://github.com/Homebrew/brew#donations

==> Next steps:
- Run these two commands in your terminal to add Homebrew to your PATH:
    echo 'eval "$(/opt/homebrew/bin/brew shellenv)"' >> /Users/shivashanker/.zprofile
    eval "$(/opt/homebrew/bin/brew shellenv)"
- Run `brew help` to get started
- Further documentation: 
    https://docs.brew.sh
./installApps.sh: line 10: brew: command not found
./installApps.sh: line 13: brew: command not found
./installApps.sh: line 16: brew: command not found
./installApps.sh: line 19: brew: command not found
./installApps.sh: line 22: brew: command not found
./installApps.sh: line 25: brew: command not found
./installApps.sh: line 26: brew: command not found
./installApps.sh: line 29: brew: command not found
./installApps.sh: line 32: brew: command not found
./installApps.sh: line 35: brew: command not found
shivashanker@Shivas-MacBook-Air Documents % echo 'eval "$(/opt/homebrew/bin/brew shellenv)"' >> /Users/shivashanker/.zprofile
shivashanker@Shivas-MacBook-Air Documents % eval "$(/opt/homebrew/bin/brew shellenv)"
shivashanker@Shivas-MacBook-Air Documents % ./installApps.sh                                                                 
xcode-select: error: command line tools are already installed, use "Software Update" to install updates
==> Checking for `sudo` access (which may request your password).
Password:
==> This script will install:
/opt/homebrew/bin/brew
/opt/homebrew/share/doc/homebrew
/opt/homebrew/share/man/man1/brew.1
/opt/homebrew/share/zsh/site-functions/_brew
/opt/homebrew/etc/bash_completion.d/brew
/opt/homebrew

Press RETURN to continue or any other key to abort
==> /usr/bin/sudo /usr/sbin/chown -R shivashanker:admin /opt/homebrew
==> Downloading and installing Homebrew...
remote: Enumerating objects: 27, done.
remote: Counting objects: 100% (27/27), done.
remote: Compressing objects: 100% (6/6), done.
remote: Total 27 (delta 21), reused 25 (delta 21), pack-reused 0
Unpacking objects: 100% (27/27), 6.10 KiB | 189.00 KiB/s, done.
From https://github.com/Homebrew/brew
   0e0593418..95d2ca289  master     -> origin/master
HEAD is now at 95d2ca289 Merge pull request #12296 from EricFromCanada/svn-certificates
==> Installation successful!

==> Homebrew has enabled anonymous aggregate formulae and cask analytics.
Read the analytics documentation (and how to opt-out) here:
  https://docs.brew.sh/Analytics
No analytics data has been sent yet (or will be during this `install` run).

==> Homebrew is run entirely by unpaid volunteers. Please consider donating:
  https://github.com/Homebrew/brew#donations

==> Next steps:
- Run these two commands in your terminal to add Homebrew to your PATH:
    echo 'eval "$(/opt/homebrew/bin/brew shellenv)"' >> /Users/shivashanker/.zprofile
    eval "$(/opt/homebrew/bin/brew shellenv)"
- Run `brew help` to get started
- Further documentation: 
    https://docs.brew.sh
==> Tapping homebrew/cask
Cloning into '/opt/homebrew/Library/Taps/homebrew/homebrew-cask'...
remote: Enumerating objects: 602956, done.
remote: Counting objects: 100% (149/149), done.
remote: Compressing objects: 100% (97/97), done.
remote: Total 602956 (delta 74), reused 111 (delta 52), pack-reused 602807
Receiving objects: 100% (602956/602956), 269.02 MiB | 11.87 MiB/s, done.
Resolving deltas: 100% (426270/426270), done.
Tapped 3924 casks (4,005 files, 288.3MB).
==> Caveats
Installing oracle-jdk means you have AGREED to the license at:
  https://www.oracle.com/downloads/licenses/no-fee-license.html

==> Downloading https://download.oracle.com/java/17/archive/jdk-17.0.1_macos-aarch64_bin.dmg
######################################################################## 100.0%
==> Installing Cask oracle-jdk
==> Running installer for oracle-jdk; your password may be necessary.
Package installers may write to any location; options such as `--appdir` are ignored.
Password:
installer: Package name is JDK 17.0.1
installer: Installing at base path /
installer: The install was successful.
🍺  oracle-jdk was successfully installed!
==> Downloading https://ghcr.io/v2/homebrew/core/openjdk/manifests/17.0.1
######################################################################## 100.0%
==> Downloading https://ghcr.io/v2/homebrew/core/openjdk/blobs/sha256:6cd342cc46a444ddc821dc2dbaf2f0b4f30530e89a5ec1f472fb37ed5639dc1b
==> Downloading from https://pkg-containers.githubusercontent.com/ghcr1/blobs/sha256:6cd342cc46a444ddc821dc2dbaf2f0b4f30530e89a5ec1f472fb37ed5639dc1b?se=2021-11-09T19%3A45%3A00Z&sig=%2F1NiuqtbdaKUG7sEihsW
######################################################################## 100.0%
==> Downloading https://ghcr.io/v2/homebrew/core/maven/manifests/3.8.3
######################################################################## 100.0%
==> Downloading https://ghcr.io/v2/homebrew/core/maven/blobs/sha256:d5316ed4579d366299cad35d57376413ef5942be27e9def61967b417468b8e2d
==> Downloading from https://pkg-containers.githubusercontent.com/ghcr1/blobs/sha256:d5316ed4579d366299cad35d57376413ef5942be27e9def61967b417468b8e2d?se=2021-11-09T19%3A45%3A00Z&sig=nkrFDgCN5s54D1MSh4%2B9
######################################################################## 100.0%
==> Installing dependencies for maven: openjdk
==> Installing maven dependency: openjdk
==> Pouring openjdk--17.0.1.arm64_big_sur.bottle.tar.gz
🍺  /opt/homebrew/Cellar/openjdk/17.0.1: 640 files, 306.2MB
==> Installing maven
==> Pouring maven--3.8.3.arm64_big_sur.bottle.tar.gz
🍺  /opt/homebrew/Cellar/maven/3.8.3: 79 files, 10MB
==> Caveats
eclipse-jee requires Java. You can install the latest version with:
  brew install --cask temurin

==> Downloading https://www.eclipse.org/downloads/download.php?file=/technology/epp/downloads/release/2021-09/R/eclipse-jee-2021-09-R-macosx-cocoa-x86_64.dmg&r=1
==> Downloading from https://ftp.jaist.ac.jp/pub/eclipse/technology/epp/downloads/release/2021-09/R/eclipse-jee-2021-09-R-macosx-cocoa-x86_64.dmg
######################################################################## 100.0%
==> Installing Cask eclipse-jee
==> Moving App 'Eclipse.app' to '/Applications/Eclipse JEE.app'
🍺  eclipse-jee was successfully installed!
==> Downloading https://update.code.visualstudio.com/1.62.0/darwin-arm64/stable
==> Downloading from https://az764295.vo.msecnd.net/stable/b3318bc0524af3d74034b8bb8a64df0ccf35549a/VSCode-darwin-arm64.zip
######################################################################## 100.0%
==> Installing Cask visual-studio-code
==> Moving App 'Visual Studio Code.app' to '/Applications/Visual Studio Code.app'
==> Linking Binary 'code' to '/opt/homebrew/bin/code'
🍺  visual-studio-code was successfully installed!
==> Downloading https://www.scootersoftware.com/BCompareOSX-4.4.0.25886.zip
######################################################################## 100.0%
==> Installing Cask beyond-compare
==> Moving App 'Beyond Compare.app' to '/Applications/Beyond Compare.app'
==> Linking Binary 'bcomp' to '/opt/homebrew/bin/bcomp'
==> Linking Binary 'bcomp' to '/opt/homebrew/bin/bcompare'
🍺  beyond-compare was successfully installed!
==> Downloading https://ghcr.io/v2/homebrew/core/gettext/manifests/0.21
######################################################################## 100.0%
==> Downloading https://ghcr.io/v2/homebrew/core/gettext/blobs/sha256:339b62b52ba86dfa73091d37341104b46c01ae354ca425000732df689305442b
==> Downloading from https://pkg-containers.githubusercontent.com/ghcr1/blobs/sha256:339b62b52ba86dfa73091d37341104b46c01ae354ca425000732df689305442b?se=2021-11-09T19%3A50%3A00Z&sig=HPaUrugbTWNTDwPYcJ%2B1
######################################################################## 100.0%
==> Downloading https://ghcr.io/v2/homebrew/core/pcre2/manifests/10.39
######################################################################## 100.0%
==> Downloading https://ghcr.io/v2/homebrew/core/pcre2/blobs/sha256:935bb0c71f1ab79e0ef2593b519b62b5489d87d4571b320cd8f93050c820c450
==> Downloading from https://pkg-containers.githubusercontent.com/ghcr1/blobs/sha256:935bb0c71f1ab79e0ef2593b519b62b5489d87d4571b320cd8f93050c820c450?se=2021-11-09T19%3A50%3A00Z&sig=5z%2BdyvnhP6S%2BPOfJU%
######################################################################## 100.0%
==> Downloading https://ghcr.io/v2/homebrew/core/git/manifests/2.33.1_1
######################################################################## 100.0%
==> Downloading https://ghcr.io/v2/homebrew/core/git/blobs/sha256:1adc0340427aeef3afbb0980b6fcea4edcfa6127ea44846615065b68a27544a8
==> Downloading from https://pkg-containers.githubusercontent.com/ghcr1/blobs/sha256:1adc0340427aeef3afbb0980b6fcea4edcfa6127ea44846615065b68a27544a8?se=2021-11-09T19%3A50%3A00Z&sig=Rt9Fo2rNJVSQjV6mCPypGp
######################################################################## 100.0%
==> Installing dependencies for git: gettext and pcre2
==> Installing git dependency: gettext
==> Pouring gettext--0.21.arm64_big_sur.bottle.tar.gz
🍺  /opt/homebrew/Cellar/gettext/0.21: 1,953 files, 20.8MB
==> Installing git dependency: pcre2
==> Pouring pcre2--10.39.arm64_big_sur.bottle.tar.gz
🍺  /opt/homebrew/Cellar/pcre2/10.39: 230 files, 6MB
==> Installing git
==> Pouring git--2.33.1_1.arm64_big_sur.bottle.tar.gz
==> Caveats
The Tcl/Tk GUIs (e.g. gitk, git-gui) are now in the `git-gui` formula.
Subversion interoperability (git-svn) is now in the `git-svn` formula.

zsh completions and functions have been installed to:
  /opt/homebrew/share/zsh/site-functions

Emacs Lisp files have been installed to:
  /opt/homebrew/share/emacs/site-lisp/git
==> Summary
🍺  /opt/homebrew/Cellar/git/2.33.1_1: 1,512 files, 42.7MB
==> Caveats
==> git
The Tcl/Tk GUIs (e.g. gitk, git-gui) are now in the `git-gui` formula.
Subversion interoperability (git-svn) is now in the `git-svn` formula.

zsh completions and functions have been installed to:
  /opt/homebrew/share/zsh/site-functions

Emacs Lisp files have been installed to:
  /opt/homebrew/share/emacs/site-lisp/git
==> Downloading https://product-downloads.atlassian.com/software/sourcetree/ga/Sourcetree_4.1.3_239.zip
######################################################################## 100.0%
==> Installing Cask sourcetree
==> Moving App 'Sourcetree.app' to '/Applications/Sourcetree.app'
==> Linking Binary 'stree' to '/opt/homebrew/bin/stree'
🍺  sourcetree was successfully installed!
==> Downloading https://statics.teams.cdn.office.net/production-osx/1.4.00.22368/Teams_osx.pkg
######################################################################## 100.0%
==> Installing Cask microsoft-teams
==> Running installer for microsoft-teams; your password may be necessary.
Package installers may write to any location; options such as `--appdir` are ignored.
Password:
installer: This package requires Rosetta 2 to be installed.
                Please install Rosetta 2 and then try again.
                    `sudo softwareupdate --install-rosetta`

installer: Error - Microsoft Teams can’t be installed on this computer.
==> Purging files for version 1.4.00.22368 of Cask microsoft-teams
Error: Failure while executing; `/usr/bin/sudo -E -- /usr/bin/env LOGNAME=shivashanker USER=shivashanker USERNAME=shivashanker /usr/sbin/installer -pkg /opt/homebrew/Caskroom/microsoft-teams/1.4.00.22368/Teams_osx.pkg -target /` exited with 1. Here's the output:
installer: This package requires Rosetta 2 to be installed.
                Please install Rosetta 2 and then try again.
                    `sudo softwareupdate --install-rosetta`

installer: Error - Microsoft Teams can’t be installed on this computer.

==> Downloading https://dl.google.com/chrome/mac/universal/stable/GGRO/googlechrome.dmg
######################################################################## 100.0%
Warning: No checksum defined for cask 'google-chrome', skipping verification.
==> Installing Cask google-chrome
==> Moving App 'Google Chrome.app' to '/Applications/Google Chrome.app'
🍺  google-chrome was successfully installed!
==> Downloading https://download.videolan.org/vlc/3.0.16/macosx/vlc-3.0.16-arm64.dmg
######################################################################## 100.0%
==> Installing Cask vlc
==> Moving App 'VLC.app' to '/Applications/VLC.app'
==> Linking Binary 'vlc.wrapper.sh' to '/opt/homebrew/bin/vlc'
🍺  vlc was successfully installed!
shivashanker@Shivas-MacBook-Air Documents % Error: Failure while executing; `/usr/bin/sudo -E -- /usr/bin/env LOGNAME=shivashanker USER=shivashanker USERNAME=shivashanker /usr/sbin/installer -pkg /opt/homebrew/Caskroom/microsoft-teams/1.4.00.22368/Teams_osx.pkg -target /` exited with 1. Here's the output:
installer: This package requires Rosetta 2 to be installed.
                Please iError
quote> installer: This package requires Rosetta 2 to be installed.
                Please install Rosetta 2 and then try again.
                    `sudo softwareupdate --install-rosetta`

installer: Error - Microsoft Teams can’t be installed on this computer.
